// Jest Snapshot v1, https://goo.gl/fbAQLP

exports[`<TableBody /> should render correctly 1`] = `
<WithTableContext
  schema={
    Object {
      "columns": Array [
        Object {
          "id": "id",
          "title": "Identification Number",
        },
        Object {
          "id": "companyName",
          "title": "Company Name",
        },
      ],
      "orientation": Object {
        "mode": "portrait",
      },
      "rows": Object {
        "zebra": true,
      },
    }
  }
>
  <TableBody
    baseUrl=""
    cellTypes={Object {}}
    data={Array []}
    handlers={Object {}}
    oAuthToken=""
    order=""
    orderBy=""
    schema={Object {}}
    selectable={null}
    tooltips={Array []}
  />
</WithTableContext>
`;
