// Jest Snapshot v1, https://goo.gl/fbAQLP

exports[`<TrashIcon /> should render correctly 1`] = `
<SvgIcon
  color="inherit"
  height="1rem"
  margin={null}
  opacity={null}
  padding={null}
  titleAccess={null}
  viewBox="0 0 24 24"
  width="1rem"
>
  <path
    d="M19,4H15.5L14.5,3H9.5L8.5,4H5V6H19M6,19A2,2 0 0,0 8,21H16A2,2 0 0,0 18,19V7H6V19Z"
  />
</SvgIcon>
`;
